  [1m[35m (148.0ms)[0m  [1m[35mDROP DATABASE IF EXISTS "agendamento_psicologia_development"[0m
  [1m[35m (38.6ms)[0m  [1m[35mDROP DATABASE IF EXISTS "agendamento_psicologia_test"[0m
  [1m[35m (87.3ms)[0m  [1m[35mCREATE DATABASE "agendamento_psicologia_development" ENCODING = 'unicode'[0m
  [1m[35m (72.2ms)[0m  [1m[35mCREATE DATABASE "agendamento_psicologia_test" ENCODING = 'unicode'[0m
  [1m[35m (10.7ms)[0m  [1m[35mCREATE TABLE "schema_migrations" ("version" character varying NOT NULL PRIMARY KEY)[0m
  [1m[35m (9.2ms)[0m  [1m[35mCREATE TABLE "ar_internal_metadata" ("key" character varying NOT NULL PRIMARY KEY, "value" character varying, "created_at" timestamp(6) NOT NULL, "updated_at" timestamp(6) NOT NULL)[0m
  [1m[35m (0.5ms)[0m  [1m[34mSELECT pg_try_advisory_lock(4078924859564161740)[0m
  [1m[36mActiveRecord::SchemaMigration Load (0.8ms)[0m  [1m[34mSELECT "schema_migrations"."version" FROM "schema_migrations" ORDER BY "schema_migrations"."version" ASC[0m
  [1m[36mActiveRecord::InternalMetadata Load (1.1ms)[0m  [1m[34mSELECT * FROM "ar_internal_metadata" WHERE "ar_internal_metadata"."key" = $1 ORDER BY "ar_internal_metadata"."key" ASC LIMIT 1[0m  [[nil, "environment"]]
  [1m[36mActiveRecord::InternalMetadata Create (1.9ms)[0m  [1m[32mINSERT INTO "ar_internal_metadata" ("key", "value", "created_at", "updated_at") VALUES ('environment', 'development', '2026-09-30 09:34:01.952962', '2026-09-30 09:34:01.952966') RETURNING "key"[0m
Migrating to DeviseCreateAdmins (20260930092524)
  [1m[36mTRANSACTION (0.5ms)[0m  [1m[35mBEGIN[0m
  [1m[35m (10.5ms)[0m  [1m[35mCREATE TABLE "admins" ("id" bigserial primary key, "email" character varying DEFAULT '' NOT NULL, "encrypted_password" character varying DEFAULT '' NOT NULL, "reset_password_token" character varying, "reset_password_sent_at" timestamp(6), "remember_created_at" timestamp(6), "name" character varying NOT NULL, "created_at" timestamp(6) NOT NULL, "updated_at" timestamp(6) NOT NULL)[0m
  [1m[35m (3.6ms)[0m  [1m[35mCREATE UNIQUE INDEX "index_admins_on_email" ON "admins" ("email")[0m
  [1m[35m (3.6ms)[0m  [1m[35mCREATE UNIQUE INDEX "index_admins_on_reset_password_token" ON "admins" ("reset_password_token")[0m
  [1m[36mActiveRecord::SchemaMigration Create (0.6ms)[0m  [1m[32mINSERT INTO "schema_migrations" ("version") VALUES ('20260930092524') RETURNING "version"[0m
  [1m[36mTRANSACTION (3.0ms)[0m  [1m[35mCOMMIT[0m
Migrating to DeviseCreateEstagiarios (20260930092526)
  [1m[36mTRANSACTION (0.4ms)[0m  [1m[35mBEGIN[0m
  [1m[35m (8.5ms)[0m  [1m[35mCREATE TABLE "estagiarios" ("id" bigserial primary key, "email" character varying DEFAULT '' NOT NULL, "encrypted_password" character varying DEFAULT '' NOT NULL, "reset_password_token" character varying, "reset_password_sent_at" timestamp(6), "remember_created_at" timestamp(6), "name" character varying NOT NULL, "registration" character varying NOT NULL, "phone" character varying, "created_at" timestamp(6) NOT NULL, "updated_at" timestamp(6) NOT NULL)[0m
  [1m[35m (5.6ms)[0m  [1m[35mCREATE UNIQUE INDEX "index_estagiarios_on_email" ON "estagiarios" ("email")[0m
  [1m[35m (3.9ms)[0m  [1m[35mCREATE UNIQUE INDEX "index_estagiarios_on_registration" ON "estagiarios" ("registration")[0m
  [1m[35m (3.5ms)[0m  [1m[35mCREATE UNIQUE INDEX "index_estagiarios_on_reset_password_token" ON "estagiarios" ("reset_password_token")[0m
  [1m[36mActiveRecord::SchemaMigration Create (0.6ms)[0m  [1m[32mINSERT INTO "schema_migrations" ("version") VALUES ('20260930092526') RETURNING "version"[0m
  [1m[36mTRANSACTION (1.6ms)[0m  [1m[35mCOMMIT[0m
Migrating to CreateProfessors (20260930092527)
  [1m[36mTRANSACTION (0.6ms)[0m  [1m[35mBEGIN[0m
  [1m[35m (9.8ms)[0m  [1m[35mCREATE TABLE "professors" ("id" bigserial primary key, "name" character varying NOT NULL, "email" character varying NOT NULL, "crp" character varying NOT NULL, "specialty" character varying, "active" boolean DEFAULT TRUE NOT NULL, "created_at" timestamp(6) NOT NULL, "updated_at" timestamp(6) NOT NULL)[0m
  [1m[35m (4.0ms)[0m  [1m[35mCREATE UNIQUE INDEX "index_professors_on_email" ON "professors" ("email")[0m
  [1m[35m (5.4ms)[0m  [1m[35mCREATE UNIQUE INDEX "index_professors_on_crp" ON "professors" ("crp")[0m
  [1m[35m (4.0ms)[0m  [1m[35mCREATE INDEX "index_professors_on_active" ON "professors" ("active")[0m
  [1m[36mActiveRecord::SchemaMigration Create (0.7ms)[0m  [1m[32mINSERT INTO "schema_migrations" ("version") VALUES ('20260930092527') RETURNING "version"[0m
  [1m[36mTRANSACTION (2.2ms)[0m  [1m[35mCOMMIT[0m
Migrating to CreateConsulta (20260930092529)
  [1m[36mTRANSACTION (0.5ms)[0m  [1m[35mBEGIN[0m
  [1m[35m (11.7ms)[0m  [1m[35mCREATE TABLE "consultas" ("id" bigserial primary key, "estagiario_id" bigint NOT NULL, "professor_id" bigint NOT NULL, "patient_name" character varying NOT NULL, "patient_email" character varying, "patient_phone" character varying, "starts_at" timestamp(6) NOT NULL, "ends_at" timestamp(6) NOT NULL, "status" integer DEFAULT 0 NOT NULL, "modality" integer DEFAULT 0 NOT NULL, "room" character varying, "notes" text, "supervision_notes" text, "created_at" timestamp(6) NOT NULL, "updated_at" timestamp(6) NOT NULL, CONSTRAINT "fk_rails_6d9fb8d50e"
FOREIGN KEY ("estagiario_id")
  REFERENCES "estagiarios" ("id")
, CONSTRAINT "fk_rails_834964f955"
FOREIGN KEY ("professor_id")
  REFERENCES "professores" ("id")
)[0m
  [1m[36mTRANSACTION (0.4ms)[0m  [1m[31mROLLBACK[0m
  [1m[35m (0.7ms)[0m  [1m[34mSELECT pg_advisory_unlock(4078924859564161740)[0m
  [1m[36mActiveRecord::SchemaMigration Load (0.8ms)[0m  [1m[34mSELECT "schema_migrations"."version" FROM "schema_migrations" ORDER BY "schema_migrations"."version" ASC[0m
  [1m[36mActiveRecord::InternalMetadata Load (1.0ms)[0m  [1m[34mSELECT * FROM "ar_internal_metadata" WHERE "ar_internal_metadata"."key" = $1 ORDER BY "ar_internal_metadata"."key" ASC LIMIT 1[0m  [[nil, "environment"]]
  [1m[36mActiveRecord::SchemaMigration Load (0.3ms)[0m  [1m[34mSELECT "schema_migrations"."version" FROM "schema_migrations" ORDER BY "schema_migrations"."version" ASC[0m
  [1m[36mActiveRecord::InternalMetadata Load (0.4ms)[0m  [1m[34mSELECT * FROM "ar_internal_metadata" WHERE "ar_internal_metadata"."key" = $1 ORDER BY "ar_internal_metadata"."key" ASC LIMIT 1[0m  [[nil, "environment"]]
  [1m[36mActiveRecord::SchemaMigration Load (0.3ms)[0m  [1m[34mSELECT "schema_migrations"."version" FROM "schema_migrations" ORDER BY "schema_migrations"."version" ASC[0m
  [1m[36mActiveRecord::InternalMetadata Load (0.3ms)[0m  [1m[34mSELECT * FROM "ar_internal_metadata" WHERE "ar_internal_metadata"."key" = $1 ORDER BY "ar_internal_metadata"."key" ASC LIMIT 1[0m  [[nil, "environment"]]
  [1m[35m (111.0ms)[0m  [1m[35mDROP DATABASE IF EXISTS "agendamento_psicologia_development"[0m
  [1m[35m (38.8ms)[0m  [1m[35mDROP DATABASE IF EXISTS "agendamento_psicologia_test"[0m
  [1m[35m (73.1ms)[0m  [1m[35mCREATE DATABASE "agendamento_psicologia_development" ENCODING = 'unicode'[0m
  [1m[35m (59.2ms)[0m  [1m[35mCREATE DATABASE "agendamento_psicologia_test" ENCODING = 'unicode'[0m
  [1m[35m (9.3ms)[0m  [1m[35mCREATE TABLE "schema_migrations" ("version" character varying NOT NULL PRIMARY KEY)[0m
  [1m[35m (8.3ms)[0m  [1m[35mCREATE TABLE "ar_internal_metadata" ("key" character varying NOT NULL PRIMARY KEY, "value" character varying, "created_at" timestamp(6) NOT NULL, "updated_at" timestamp(6) NOT NULL)[0m
  [1m[35m (0.3ms)[0m  [1m[34mSELECT pg_try_advisory_lock(4078924859564161740)[0m
  [1m[36mActiveRecord::SchemaMigration Load (0.5ms)[0m  [1m[34mSELECT "schema_migrations"."version" FROM "schema_migrations" ORDER BY "schema_migrations"."version" ASC[0m
  [1m[36mActiveRecord::InternalMetadata Load (0.6ms)[0m  [1m[34mSELECT * FROM "ar_internal_metadata" WHERE "ar_internal_metadata"."key" = $1 ORDER BY "ar_internal_metadata"."key" ASC LIMIT 1[0m  [[nil, "environment"]]
  [1m[36mActiveRecord::InternalMetadata Create (1.3ms)[0m  [1m[32mINSERT INTO "ar_internal_metadata" ("key", "value", "created_at", "updated_at") VALUES ('environment', 'development', '2026-09-30 09:34:23.656475', '2026-09-30 09:34:23.656478') RETURNING "key"[0m
Migrating to DeviseCreateAdmins (20260930092524)
  [1m[36mTRANSACTION (0.5ms)[0m  [1m[35mBEGIN[0m
  [1m[35m (8.6ms)[0m  [1m[35mCREATE TABLE "admins" ("id" bigserial primary key, "email" character varying DEFAULT '' NOT NULL, "encrypted_password" character varying DEFAULT '' NOT NULL, "reset_password_token" character varying, "reset_password_sent_at" timestamp(6), "remember_created_at" timestamp(6), "name" character varying NOT NULL, "created_at" timestamp(6) NOT NULL, "updated_at" timestamp(6) NOT NULL)[0m
  [1m[35m (2.3ms)[0m  [1m[35mCREATE UNIQUE INDEX "index_admins_on_email" ON "admins" ("email")[0m
  [1m[35m (2.9ms)[0m  [1m[35mCREATE UNIQUE INDEX "index_admins_on_reset_password_token" ON "admins" ("reset_password_token")[0m
  [1m[36mActiveRecord::SchemaMigration Create (0.6ms)[0m  [1m[32mINSERT INTO "schema_migrations" ("version") VALUES ('20260930092524') RETURNING "version"[0m
  [1m[36mTRANSACTION (2.7ms)[0m  [1m[35mCOMMIT[0m
Migrating to DeviseCreateEstagiarios (20260930092526)
  [1m[36mTRANSACTION (0.3ms)[0m  [1m[35mBEGIN[0m
  [1m[35m (5.5ms)[0m  [1m[35mCREATE TABLE "estagiarios" ("id" bigserial primary key, "email" character varying DEFAULT '' NOT NULL, "encrypted_password" character varying DEFAULT '' NOT NULL, "reset_password_token" character varying, "reset_password_sent_at" timestamp(6), "remember_created_at" timestamp(6), "name" character varying NOT NULL, "registration" character varying NOT NULL, "phone" character varying, "created_at" timestamp(6) NOT NULL, "updated_at" timestamp(6) NOT NULL)[0m
  [1m[35m (5.0ms)[0m  [1m[35mCREATE UNIQUE INDEX "index_estagiarios_on_email" ON "estagiarios" ("email")[0m
  [1m[35m (2.3ms)[0m  [1m[35mCREATE UNIQUE INDEX "index_estagiarios_on_registration" ON "estagiarios" ("registration")[0m
  [1m[35m (2.5ms)[0m  [1m[35mCREATE UNIQUE INDEX "index_estagiarios_on_reset_password_token" ON "estagiarios" ("reset_password_token")[0m
  [1m[36mActiveRecord::SchemaMigration Create (0.4ms)[0m  [1m[32mINSERT INTO "schema_migrations" ("version") VALUES ('20260930092526') RETURNING "version"[0m
  [1m[36mTRANSACTION (1.2ms)[0m  [1m[35mCOMMIT[0m
Migrating to CreateProfessors (20260930092527)
  [1m[36mTRANSACTION (0.4ms)[0m  [1m[35mBEGIN[0m
  [1m[35m (7.5ms)[0m  [1m[35mCREATE TABLE "professors" ("id" bigserial primary key, "name" character varying NOT NULL, "email" character varying NOT NULL, "crp" character varying NOT NULL, "specialty" character varying, "active" boolean DEFAULT TRUE NOT NULL, "created_at" timestamp(6) NOT NULL, "updated_at" timestamp(6) NOT NULL)[0m
  [1m[35m (2.5ms)[0m  [1m[35mCREATE UNIQUE INDEX "index_professors_on_email" ON "professors" ("email")[0m
  [1m[35m (4.5ms)[0m  [1m[35mCREATE UNIQUE INDEX "index_professors_on_crp" ON "professors" ("crp")[0m
  [1m[35m (2.6ms)[0m  [1m[35mCREATE INDEX "index_professors_on_active" ON "professors" ("active")[0m
  [1m[36mActiveRecord::SchemaMigration Create (0.4ms)[0m  [1m[32mINSERT INTO "schema_migrations" ("version") VALUES ('20260930092527') RETURNING "version"[0m
  [1m[36mTRANSACTION (1.1ms)[0m  [1m[35mCOMMIT[0m
Migrating to CreateConsulta (20260930092529)
  [1m[36mTRANSACTION (0.3ms)[0m  [1m[35mBEGIN[0m
  [1m[35m (9.1ms)[0m  [1m[35mCREATE TABLE "consultas" ("id" bigserial primary key, "estagiario_id" bigint NOT NULL, "professor_id" bigint NOT NULL, "patient_name" character varying NOT NULL, "patient_email" character varying, "patient_phone" character varying, "starts_at" timestamp(6) NOT NULL, "ends_at" timestamp(6) NOT NULL, "status" integer DEFAULT 0 NOT NULL, "modality" integer DEFAULT 0 NOT NULL, "room" character varying, "notes" text, "supervision_notes" text, "created_at" timestamp(6) NOT NULL, "updated_at" timestamp(6) NOT NULL, CONSTRAINT "fk_rails_6d9fb8d50e"
FOREIGN KEY ("estagiario_id")
  REFERENCES "estagiarios" ("id")
, CONSTRAINT "fk_rails_834964f955"
FOREIGN KEY ("professor_id")
  REFERENCES "professors" ("id")
)[0m
  [1m[35m (4.7ms)[0m  [1m[35mCREATE INDEX "index_consultas_on_estagiario_id" ON "consultas" ("estagiario_id")[0m
  [1m[35m (2.4ms)[0m  [1m[35mCREATE INDEX "index_consultas_on_professor_id" ON "consultas" ("professor_id")[0m
  [1m[35m (3.0ms)[0m  [1m[35mCREATE INDEX "index_consultas_on_starts_at" ON "consultas" ("starts_at")[0m
  [1m[35m (3.2ms)[0m  [1m[35mCREATE INDEX "index_consultas_on_status" ON "consultas" ("status")[0m
  [1m[35m (3.9ms)[0m  [1m[35mCREATE INDEX "index_consultas_on_estagiario_id_and_starts_at" ON "consultas" ("estagiario_id", "starts_at")[0m
  [1m[35m (2.6ms)[0m  [1m[35mCREATE INDEX "index_consultas_on_professor_id_and_starts_at" ON "consultas" ("professor_id", "starts_at")[0m
  [1m[36mActiveRecord::SchemaMigration Create (0.3ms)[0m  [1m[32mINSERT INTO "schema_migrations" ("version") VALUES ('20260930092529') RETURNING "version"[0m
  [1m[36mTRANSACTION (1.2ms)[0m  [1m[35mCOMMIT[0m
  [1m[35m (0.4ms)[0m  [1m[34mSELECT pg_advisory_unlock(4078924859564161740)[0m
  [1m[36mActiveRecord::SchemaMigration Load (0.4ms)[0m  [1m[34mSELECT "schema_migrations"."version" FROM "schema_migrations" ORDER BY "schema_migrations"."version" ASC[0m
  [1m[36mActiveRecord::SchemaMigration Load (0.3ms)[0m  [1m[34mSELECT "schema_migrations"."version" FROM "schema_migrations" ORDER BY "schema_migrations"."version" ASC[0m
  [1m[36mAdmin Load (0.5ms)[0m  [1m[34mSELECT "admins".* FROM "admins" WHERE "admins"."email" = $1 LIMIT $2[0m  [["email", "admin@unilavras.edu.br"], ["LIMIT", 1]]
  [1m[36mTRANSACTION (0.8ms)[0m  [1m[35mBEGIN[0m
  [1m[36mAdmin Exists? (2.6ms)[0m  [1m[34mSELECT 1 AS one FROM "admins" WHERE "admins"."email" = $1 LIMIT $2[0m  [["email", "admin@unilavras.edu.br"], ["LIMIT", 1]]
  [1m[36mAdmin Create (0.7ms)[0m  [1m[32mINSERT INTO "admins" ("email", "encrypted_password", "reset_password_token", "reset_password_sent_at", "remember_created_at", "name", "created_at", "updated_at") VALUES ($1, $2, $3, $4, $5, $6, $7, $8) RETURNING "id"[0m  [["email", "admin@unilavras.edu.br"], ["encrypted_password", "[FILTERED]"], ["reset_password_token", "[FILTERED]"], ["reset_password_sent_at", "[FILTERED]"], ["remember_created_at", nil], ["name", "Coordenação Unilavras"], ["created_at", "2026-09-30 09:34:24.029246"], ["updated_at", "2026-09-30 09:34:24.029246"]]
  [1m[36mTRANSACTION (1.4ms)[0m  [1m[35mCOMMIT[0m
  [1m[36mEstagiario Load (0.6ms)[0m  [1m[34mSELECT "estagiarios".* FROM "estagiarios" WHERE "estagiarios"."email" = $1 LIMIT $2[0m  [["email", "estagiario@unilavras.edu.br"], ["LIMIT", 1]]
  [1m[36mTRANSACTION (0.4ms)[0m  [1m[35mBEGIN[0m
  [1m[36mEstagiario Exists? (1.6ms)[0m  [1m[34mSELECT 1 AS one FROM "estagiarios" WHERE "estagiarios"."email" = $1 LIMIT $2[0m  [["email", "estagiario@unilavras.edu.br"], ["LIMIT", 1]]
  [1m[36mEstagiario Exists? (0.8ms)[0m  [1m[34mSELECT 1 AS one FROM "estagiarios" WHERE "estagiarios"."registration" = $1 LIMIT $2[0m  [["registration", "2026001"], ["LIMIT", 1]]
  [1m[36mEstagiario Create (0.8ms)[0m  [1m[32mINSERT INTO "estagiarios" ("email", "encrypted_password", "reset_password_token", "reset_password_sent_at", "remember_created_at", "name", "registration", "phone", "created_at", "updated_at") VALUES ($1, $2, $3, $4, $5, $6, $7, $8, $9, $10) RETURNING "id"[0m  [["email", "estagiario@unilavras.edu.br"], ["encrypted_password", "[FILTERED]"], ["reset_password_token", "[FILTERED]"], ["reset_password_sent_at", "[FILTERED]"], ["remember_created_at", nil], ["name", "Ana Estagiária"], ["registration", "2026001"], ["phone", "(35) 99999-0001"], ["created_at", "2026-09-30 09:34:24.230089"], ["updated_at", "2026-09-30 09:34:24.230089"]]
  [1m[36mTRANSACTION (2.9ms)[0m  [1m[35mCOMMIT[0m
  [1m[36mProfessor Load (0.4ms)[0m  [1m[34mSELECT "professors".* FROM "professors" WHERE "professors"."email" = $1 LIMIT $2[0m  [["email", "helena.martins@unilavras.edu.br"], ["LIMIT", 1]]
  [1m[36mTRANSACTION (0.2ms)[0m  [1m[35mBEGIN[0m
  [1m[36mProfessor Exists? (0.5ms)[0m  [1m[34mSELECT 1 AS one FROM "professors" WHERE "professors"."email" = $1 LIMIT $2[0m  [["email", "helena.martins@unilavras.edu.br"], ["LIMIT", 1]]
  [1m[36mProfessor Exists? (0.3ms)[0m  [1m[34mSELECT 1 AS one FROM "professors" WHERE "professors"."crp" = $1 LIMIT $2[0m  [["crp", "04/12345"], ["LIMIT", 1]]
  [1m[36mProfessor Create (0.6ms)[0m  [1m[32mINSERT INTO "professors" ("name", "email", "crp", "specialty", "active", "created_at", "updated_at") VALUES ($1, $2, $3, $4, $5, $6, $7) RETURNING "id"[0m  [["name", "Dra. Helena Martins"], ["email", "helena.martins@unilavras.edu.br"], ["crp", "04/12345"], ["specialty", "Terapia Cognitivo-Comportamental"], ["active", true], ["created_at", "2026-09-30 09:34:24.251787"], ["updated_at", "2026-09-30 09:34:24.251787"]]
  [1m[36mTRANSACTION (1.4ms)[0m  [1m[35mCOMMIT[0m
  [1m[36mProfessor Load (0.3ms)[0m  [1m[34mSELECT "professors".* FROM "professors" WHERE "professors"."email" = $1 LIMIT $2[0m  [["email", "rafael.andrade@unilavras.edu.br"], ["LIMIT", 1]]
  [1m[36mTRANSACTION (0.2ms)[0m  [1m[35mBEGIN[0m
  [1m[36mProfessor Exists? (1.1ms)[0m  [1m[34mSELECT 1 AS one FROM "professors" WHERE "professors"."email" = $1 LIMIT $2[0m  [["email", "rafael.andrade@unilavras.edu.br"], ["LIMIT", 1]]
  [1m[36mProfessor Exists? (0.4ms)[0m  [1m[34mSELECT 1 AS one FROM "professors" WHERE "professors"."crp" = $1 LIMIT $2[0m  [["crp", "04/67890"], ["LIMIT", 1]]
  [1m[36mProfessor Create (0.6ms)[0m  [1m[32mINSERT INTO "professors" ("name", "email", "crp", "specialty", "active", "created_at", "updated_at") VALUES ($1, $2, $3, $4, $5, $6, $7) RETURNING "id"[0m  [["name", "Dr. Rafael Andrade"], ["email", "rafael.andrade@unilavras.edu.br"], ["crp", "04/67890"], ["specialty", "Psicologia Clínica"], ["active", true], ["created_at", "2026-09-30 09:34:24.259873"], ["updated_at", "2026-09-30 09:34:24.259873"]]
  [1m[36mTRANSACTION (1.4ms)[0m  [1m[35mCOMMIT[0m
  [1m[36mProfessor Load (0.4ms)[0m  [1m[34mSELECT "professors".* FROM "professors" WHERE "professors"."email" = $1 LIMIT $2[0m  [["email", "camila.rocha@unilavras.edu.br"], ["LIMIT", 1]]
  [1m[36mTRANSACTION (0.4ms)[0m  [1m[35mBEGIN[0m
  [1m[36mProfessor Exists? (1.8ms)[0m  [1m[34mSELECT 1 AS one FROM "professors" WHERE "professors"."email" = $1 LIMIT $2[0m  [["email", "camila.rocha@unilavras.edu.br"], ["LIMIT", 1]]
  [1m[36mProfessor Exists? (0.3ms)[0m  [1m[34mSELECT 1 AS one FROM "professors" WHERE "professors"."crp" = $1 LIMIT $2[0m  [["crp", "04/54321"], ["LIMIT", 1]]
  [1m[36mProfessor Create (0.4ms)[0m  [1m[32mINSERT INTO "professors" ("name", "email", "crp", "specialty", "active", "created_at", "updated_at") VALUES ($1, $2, $3, $4, $5, $6, $7) RETURNING "id"[0m  [["name", "Dra. Camila Rocha"], ["email", "camila.rocha@unilavras.edu.br"], ["crp", "04/54321"], ["specialty", "Avaliação Psicológica"], ["active", true], ["created_at", "2026-09-30 09:34:24.269421"], ["updated_at", "2026-09-30 09:34:24.269421"]]
  [1m[36mTRANSACTION (1.3ms)[0m  [1m[35mCOMMIT[0m
  [1m[36mActiveRecord::SchemaMigration Load (0.5ms)[0m  [1m[34mSELECT "schema_migrations"."version" FROM "schema_migrations" ORDER BY "schema_migrations"."version" ASC[0m
  [1m[36mActiveRecord::SchemaMigration Load (0.7ms)[0m  [1m[34mSELECT "schema_migrations"."version" FROM "schema_migrations" ORDER BY "schema_migrations"."version" ASC[0m
  [1m[36mActiveRecord::SchemaMigration Load (0.4ms)[0m  [1m[34mSELECT "schema_migrations"."version" FROM "schema_migrations" ORDER BY "schema_migrations"."version" ASC[0m
  [1m[36mAdmin Load (0.4ms)[0m  [1m[34mSELECT "admins".* FROM "admins" WHERE "admins"."email" = $1 LIMIT $2[0m  [["email", "admin@unilavras.edu.br"], ["LIMIT", 1]]
  [1m[36mTRANSACTION (0.3ms)[0m  [1m[35mBEGIN[0m
  [1m[36mAdmin Update (1.7ms)[0m  [1m[33mUPDATE "admins" SET "encrypted_password" = $1, "updated_at" = $2 WHERE "admins"."id" = $3[0m  [["encrypted_password", "[FILTERED]"], ["updated_at", "2026-09-30 09:36:35.301072"], ["id", 1]]
  [1m[36mTRANSACTION (1.4ms)[0m  [1m[35mCOMMIT[0m
  [1m[36mEstagiario Load (0.5ms)[0m  [1m[34mSELECT "estagiarios".* FROM "estagiarios" WHERE "estagiarios"."email" = $1 LIMIT $2[0m  [["email", "estagiario@unilavras.edu.br"], ["LIMIT", 1]]
  [1m[36mTRANSACTION (0.3ms)[0m  [1m[35mBEGIN[0m
  [1m[36mEstagiario Update (0.4ms)[0m  [1m[33mUPDATE "estagiarios" SET "encrypted_password" = $1, "updated_at" = $2 WHERE "estagiarios"."id" = $3[0m  [["encrypted_password", "[FILTERED]"], ["updated_at", "2026-09-30 09:36:35.512643"], ["id", 1]]
  [1m[36mTRANSACTION (1.4ms)[0m  [1m[35mCOMMIT[0m
  [1m[36mProfessor Load (0.5ms)[0m  [1m[34mSELECT "professors".* FROM "professors" WHERE "professors"."email" = $1 LIMIT $2[0m  [["email", "helena.martins@unilavras.edu.br"], ["LIMIT", 1]]
  [1m[36mProfessor Load (0.2ms)[0m  [1m[34mSELECT "professors".* FROM "professors" WHERE "professors"."email" = $1 LIMIT $2[0m  [["email", "rafael.andrade@unilavras.edu.br"], ["LIMIT", 1]]
  [1m[36mProfessor Load (0.2ms)[0m  [1m[34mSELECT "professors".* FROM "professors" WHERE "professors"."email" = $1 LIMIT $2[0m  [["email", "camila.rocha@unilavras.edu.br"], ["LIMIT", 1]]
Started GET "/up" for 172.19.0.1 at 2026-09-30 09:36:42 +0000
Cannot render console from 172.19.0.1! Allowed networks: 127.0.0.0/127.255.255.255, ::1
  [1m[36mActiveRecord::SchemaMigration Load (0.5ms)[0m  [1m[34mSELECT "schema_migrations"."version" FROM "schema_migrations" ORDER BY "schema_migrations"."version" ASC[0m
Processing by Rails::HealthController#show as */*
  Rendering html template
  Rendered html template (Duration: 0.0ms | Allocations: 9)
Completed 200 OK in 10ms (Views: 6.6ms | ActiveRecord: 0.0ms | Allocations: 4123)


Started GET "/" for 172.19.0.1 at 2026-09-30 09:44:02 +0000
Cannot render console from 172.19.0.1! Allowed networks: 127.0.0.0/127.255.255.255, ::1
Processing by DashboardController#index as HTML
Redirected to http://localhost:3000/estagiarios/sign_in
Filter chain halted as :authenticate_actor! rendered or redirected
Completed 302 Found in 4ms (ActiveRecord: 0.0ms | Allocations: 904)


Started GET "/estagiarios/sign_in" for 172.19.0.1 at 2026-09-30 09:44:02 +0000
Cannot render console from 172.19.0.1! Allowed networks: 127.0.0.0/127.255.255.255, ::1
Processing by Devise::SessionsController#new as HTML
  Rendering layout layouts/application.html.erb
  Rendering /usr/local/bundle/ruby/3.2.0/gems/devise-5.0.4/app/views/devise/sessions/new.html.erb within layouts/application
  Rendered /usr/local/bundle/ruby/3.2.0/gems/devise-5.0.4/app/views/devise/shared/_links.html.erb (Duration: 1.7ms | Allocations: 536)
  Rendered /usr/local/bundle/ruby/3.2.0/gems/devise-5.0.4/app/views/devise/sessions/new.html.erb within layouts/application (Duration: 13.0ms | Allocations: 4314)
  Rendered layout layouts/application.html.erb (Duration: 285.2ms | Allocations: 89071)
Completed 200 OK in 369ms (Views: 320.3ms | ActiveRecord: 10.0ms | Allocations: 109890)


Started POST "/estagiarios/sign_in" for 172.19.0.1 at 2026-09-30 09:44:25 +0000
Cannot render console from 172.19.0.1! Allowed networks: 127.0.0.0/127.255.255.255, ::1
Processing by Devise::SessionsController#create as HTML
  Parameters: {"authenticity_token"=>"[FILTERED]", "estagiario"=>{"email"=>"admin@unilavras.edu.br", "password"=>"[FILTERED]", "remember_me"=>"1"}, "commit"=>"Log in"}
  [1m[36mEstagiario Load (0.5ms)[0m  [1m[34mSELECT "estagiarios".* FROM "estagiarios" WHERE "estagiarios"."email" = $1 ORDER BY "estagiarios"."id" ASC LIMIT $2[0m  [["email", "admin@unilavras.edu.br"], ["LIMIT", 1]]
Completed 401 Unauthorized in 10ms (ActiveRecord: 0.8ms | Allocations: 4742)


Processing by Devise::SessionsController#new as HTML
  Parameters: {"authenticity_token"=>"[FILTERED]", "estagiario"=>{"email"=>"admin@unilavras.edu.br", "password"=>"[FILTERED]", "remember_me"=>"1"}, "commit"=>"Log in"}
  Rendering layout layouts/application.html.erb
  Rendering /usr/local/bundle/ruby/3.2.0/gems/devise-5.0.4/app/views/devise/sessions/new.html.erb within layouts/application
  Rendered /usr/local/bundle/ruby/3.2.0/gems/devise-5.0.4/app/views/devise/shared/_links.html.erb (Duration: 0.1ms | Allocations: 70)
  Rendered /usr/local/bundle/ruby/3.2.0/gems/devise-5.0.4/app/views/devise/sessions/new.html.erb within layouts/application (Duration: 1.5ms | Allocations: 825)
  Rendered layout layouts/application.html.erb (Duration: 3.4ms | Allocations: 2396)
Completed 200 OK in 180ms (Views: 4.0ms | ActiveRecord: 0.0ms | Allocations: 3418)


Started POST "/estagiarios/sign_in" for 172.19.0.1 at 2026-09-30 09:44:31 +0000
Cannot render console from 172.19.0.1! Allowed networks: 127.0.0.0/127.255.255.255, ::1
Processing by Devise::SessionsController#create as HTML
  Parameters: {"authenticity_token"=>"[FILTERED]", "estagiario"=>{"email"=>"admin@unilavras.edu.br", "password"=>"[FILTERED]", "remember_me"=>"1"}, "commit"=>"Log in"}
  [1m[36mEstagiario Load (0.4ms)[0m  [1m[34mSELECT "estagiarios".* FROM "estagiarios" WHERE "estagiarios"."email" = $1 ORDER BY "estagiarios"."id" ASC LIMIT $2[0m  [["email", "admin@unilavras.edu.br"], ["LIMIT", 1]]
Completed 401 Unauthorized in 4ms (ActiveRecord: 0.3ms | Allocations: 1530)


Processing by Devise::SessionsController#new as HTML
  Parameters: {"authenticity_token"=>"[FILTERED]", "estagiario"=>{"email"=>"admin@unilavras.edu.br", "password"=>"[FILTERED]", "remember_me"=>"1"}, "commit"=>"Log in"}
  Rendering layout layouts/application.html.erb
  Rendering /usr/local/bundle/ruby/3.2.0/gems/devise-5.0.4/app/views/devise/sessions/new.html.erb within layouts/application
  Rendered /usr/local/bundle/ruby/3.2.0/gems/devise-5.0.4/app/views/devise/shared/_links.html.erb (Duration: 0.1ms | Allocations: 70)
  Rendered /usr/local/bundle/ruby/3.2.0/gems/devise-5.0.4/app/views/devise/sessions/new.html.erb within layouts/application (Duration: 1.4ms | Allocations: 814)
  Rendered layout layouts/application.html.erb (Duration: 3.5ms | Allocations: 2385)
Completed 200 OK in 178ms (Views: 4.1ms | ActiveRecord: 0.0ms | Allocations: 2854)


Started POST "/estagiarios/sign_in" for 172.19.0.1 at 2026-09-30 09:44:54 +0000
Cannot render console from 172.19.0.1! Allowed networks: 127.0.0.0/127.255.255.255, ::1
Processing by Devise::SessionsController#create as HTML
  Parameters: {"authenticity_token"=>"[FILTERED]", "estagiario"=>{"email"=>"admin@unilavras.edu.br", "password"=>"[FILTERED]", "remember_me"=>"0"}, "commit"=>"Log in"}
  [1m[36mEstagiario Load (0.4ms)[0m  [1m[34mSELECT "estagiarios".* FROM "estagiarios" WHERE "estagiarios"."email" = $1 ORDER BY "estagiarios"."id" ASC LIMIT $2[0m  [["email", "admin@unilavras.edu.br"], ["LIMIT", 1]]
Completed 401 Unauthorized in 4ms (ActiveRecord: 0.4ms | Allocations: 1527)


Processing by Devise::SessionsController#new as HTML
  Parameters: {"authenticity_token"=>"[FILTERED]", "estagiario"=>{"email"=>"admin@unilavras.edu.br", "password"=>"[FILTERED]", "remember_me"=>"0"}, "commit"=>"Log in"}
  Rendering layout layouts/application.html.erb
  Rendering /usr/local/bundle/ruby/3.2.0/gems/devise-5.0.4/app/views/devise/sessions/new.html.erb within layouts/application
  Rendered /usr/local/bundle/ruby/3.2.0/gems/devise-5.0.4/app/views/devise/shared/_links.html.erb (Duration: 0.1ms | Allocations: 70)
  Rendered /usr/local/bundle/ruby/3.2.0/gems/devise-5.0.4/app/views/devise/sessions/new.html.erb within layouts/application (Duration: 1.6ms | Allocations: 813)
  Rendered layout layouts/application.html.erb (Duration: 3.7ms | Allocations: 2384)
Completed 200 OK in 179ms (Views: 4.6ms | ActiveRecord: 0.0ms | Allocations: 2853)


  [1m[36mActiveRecord::SchemaMigration Load (0.7ms)[0m  [1m[34mSELECT "schema_migrations"."version" FROM "schema_migrations" ORDER BY "schema_migrations"."version" ASC[0m
  [1m[36mActiveRecord::SchemaMigration Load (0.6ms)[0m  [1m[34mSELECT "schema_migrations"."version" FROM "schema_migrations" ORDER BY "schema_migrations"."version" ASC[0m
  [1m[36mActiveRecord::SchemaMigration Load (0.4ms)[0m  [1m[34mSELECT "schema_migrations"."version" FROM "schema_migrations" ORDER BY "schema_migrations"."version" ASC[0m
  [1m[36mAdmin Load (0.5ms)[0m  [1m[34mSELECT "admins".* FROM "admins" WHERE "admins"."email" = $1 LIMIT $2[0m  [["email", "admin@unilavras.edu.br"], ["LIMIT", 1]]
  [1m[36mTRANSACTION (0.3ms)[0m  [1m[35mBEGIN[0m
  [1m[36mAdmin Update (1.8ms)[0m  [1m[33mUPDATE "admins" SET "encrypted_password" = $1, "updated_at" = $2 WHERE "admins"."id" = $3[0m  [["encrypted_password", "[FILTERED]"], ["updated_at", "2026-09-30 09:45:32.688259"], ["id", 1]]
  [1m[36mTRANSACTION (2.0ms)[0m  [1m[35mCOMMIT[0m
  [1m[36mEstagiario Load (0.5ms)[0m  [1m[34mSELECT "estagiarios".* FROM "estagiarios" WHERE "estagiarios"."email" = $1 LIMIT $2[0m  [["email", "estagiario@unilavras.edu.br"], ["LIMIT", 1]]
  [1m[36mTRANSACTION (0.3ms)[0m  [1m[35mBEGIN[0m
  [1m[36mEstagiario Update (0.4ms)[0m  [1m[33mUPDATE "estagiarios" SET "encrypted_password" = $1, "updated_at" = $2 WHERE "estagiarios"."id" = $3[0m  [["encrypted_password", "[FILTERED]"], ["updated_at", "2026-09-30 09:45:32.882827"], ["id", 1]]
  [1m[36mTRANSACTION (1.3ms)[0m  [1m[35mCOMMIT[0m
  [1m[36mProfessor Load (0.5ms)[0m  [1m[34mSELECT "professors".* FROM "professors" WHERE "professors"."email" = $1 LIMIT $2[0m  [["email", "helena.martins@unilavras.edu.br"], ["LIMIT", 1]]
  [1m[36mProfessor Load (0.4ms)[0m  [1m[34mSELECT "professors".* FROM "professors" WHERE "professors"."email" = $1 LIMIT $2[0m  [["email", "rafael.andrade@unilavras.edu.br"], ["LIMIT", 1]]
  [1m[36mProfessor Load (0.2ms)[0m  [1m[34mSELECT "professors".* FROM "professors" WHERE "professors"."email" = $1 LIMIT $2[0m  [["email", "camila.rocha@unilavras.edu.br"], ["LIMIT", 1]]
Started GET "/" for 172.19.0.1 at 2026-09-30 09:45:45 +0000
Cannot render console from 172.19.0.1! Allowed networks: 127.0.0.0/127.255.255.255, ::1
  [1m[36mActiveRecord::SchemaMigration Load (0.5ms)[0m  [1m[34mSELECT "schema_migrations"."version" FROM "schema_migrations" ORDER BY "schema_migrations"."version" ASC[0m
Processing by DashboardController#index as HTML
Redirected to http://localhost:3000/estagiarios/sign_in
Filter chain halted as :authenticate_actor! rendered or redirected
Completed 302 Found in 8ms (ActiveRecord: 0.0ms | Allocations: 2729)


Started GET "/estagiarios/sign_in" for 172.19.0.1 at 2026-09-30 09:45:45 +0000
Cannot render console from 172.19.0.1! Allowed networks: 127.0.0.0/127.255.255.255, ::1
Processing by Devise::SessionsController#new as HTML
  Rendering layout layouts/application.html.erb
  Rendering /usr/local/bundle/ruby/3.2.0/gems/devise-5.0.4/app/views/devise/sessions/new.html.erb within layouts/application
  Rendered /usr/local/bundle/ruby/3.2.0/gems/devise-5.0.4/app/views/devise/shared/_links.html.erb (Duration: 1.1ms | Allocations: 539)
  Rendered /usr/local/bundle/ruby/3.2.0/gems/devise-5.0.4/app/views/devise/sessions/new.html.erb within layouts/application (Duration: 8.9ms | Allocations: 3336)
  Rendered layout layouts/application.html.erb (Duration: 76.5ms | Allocations: 29868)
Completed 200 OK in 118ms (Views: 84.0ms | ActiveRecord: 7.3ms | Allocations: 46212)


Started POST "/estagiarios/sign_in" for 172.19.0.1 at 2026-09-30 09:46:23 +0000
Cannot render console from 172.19.0.1! Allowed networks: 127.0.0.0/127.255.255.255, ::1
Processing by Devise::SessionsController#create as HTML
  Parameters: {"authenticity_token"=>"[FILTERED]", "estagiario"=>{"email"=>"estagiario@unilavras.edu.br", "password"=>"[FILTERED]", "remember_me"=>"0"}, "commit"=>"Log in"}
  [1m[36mEstagiario Load (0.8ms)[0m  [1m[34mSELECT "estagiarios".* FROM "estagiarios" WHERE "estagiarios"."email" = $1 ORDER BY "estagiarios"."id" ASC LIMIT $2[0m  [["email", "estagiario@unilavras.edu.br"], ["LIMIT", 1]]
Redirected to http://localhost:3000/
Completed 303 See Other in 192ms (ActiveRecord: 1.1ms | Allocations: 7433)


Started GET "/" for 172.19.0.1 at 2026-09-30 09:46:23 +0000
Cannot render console from 172.19.0.1! Allowed networks: 127.0.0.0/127.255.255.255, ::1
Processing by DashboardController#index as HTML
  [1m[36mEstagiario Load (0.4ms)[0m  [1m[34mSELECT "estagiarios".* FROM "estagiarios" WHERE "estagiarios"."id" = $1 ORDER BY "estagiarios"."id" ASC LIMIT $2[0m  [["id", 1], ["LIMIT", 1]]
  ↳ app/controllers/application_controller.rb:13:in `current_actor'
  [1m[36mConsulta Count (1.4ms)[0m  [1m[34mSELECT COUNT(*) FROM "consultas" WHERE "consultas"."estagiario_id" = $1[0m  [["estagiario_id", 1]]
  ↳ app/controllers/dashboard_controller.rb:7:in `index'
  [1m[36mConsulta Count (0.9ms)[0m  [1m[34mSELECT COUNT(*) FROM "consultas" WHERE "consultas"."estagiario_id" = $1 AND "consultas"."status" = $2[0m  [["estagiario_id", 1], ["status", 1]]
  ↳ app/controllers/dashboard_controller.rb:8:in `index'
  [1m[36mProfessor Count (0.8ms)[0m  [1m[34mSELECT COUNT(*) FROM "professors" WHERE "professors"."active" = $1[0m  [["active", true]]
  ↳ app/controllers/dashboard_controller.rb:9:in `index'
  Rendering layout layouts/application.html.erb
  Rendering dashboard/index.html.erb within layouts/application
  [1m[36mConsulta Exists? (0.7ms)[0m  [1m[34mSELECT 1 AS one FROM "consultas" WHERE "consultas"."estagiario_id" = $1 AND (starts_at >= '2026-09-30 09:46:23.459148') LIMIT $2[0m  [["estagiario_id", 1], ["LIMIT", 1]]
  ↳ app/views/dashboard/index.html.erb:34
  Rendered dashboard/index.html.erb within layouts/application (Duration: 2.9ms | Allocations: 1038)
  Rendered layout layouts/application.html.erb (Duration: 8.4ms | Allocations: 3044)
Completed 200 OK in 71ms (Views: 9.8ms | ActiveRecord: 8.4ms | Allocations: 17239)


Started GET "/professores" for 172.19.0.1 at 2026-09-30 09:46:27 +0000
Cannot render console from 172.19.0.1! Allowed networks: 127.0.0.0/127.255.255.255, ::1
Processing by ProfessoresController#index as HTML
  [1m[36mEstagiario Load (0.4ms)[0m  [1m[34mSELECT "estagiarios".* FROM "estagiarios" WHERE "estagiarios"."id" = $1 ORDER BY "estagiarios"."id" ASC LIMIT $2[0m  [["id", 1], ["LIMIT", 1]]
  ↳ app/controllers/application_controller.rb:13:in `current_actor'
  Rendering layout layouts/application.html.erb
  Rendering professores/index.html.erb within layouts/application
  [1m[36mProfessor Load (0.8ms)[0m  [1m[34mSELECT "professors".* FROM "professors" ORDER BY "professors"."name" ASC[0m
  ↳ app/views/professores/index.html.erb:12
  Rendered professores/index.html.erb within layouts/application (Duration: 12.3ms | Allocations: 5387)
  Rendered layout layouts/application.html.erb (Duration: 16.2ms | Allocations: 7253)
Completed 200 OK in 22ms (Views: 14.8ms | ActiveRecord: 2.7ms | Allocations: 8793)


  [1m[35m (0.4ms)[0m  [1m[34mSELECT pg_try_advisory_lock(4078924859564161740)[0m
  [1m[36mActiveRecord::SchemaMigration Load (0.5ms)[0m  [1m[34mSELECT "schema_migrations"."version" FROM "schema_migrations" ORDER BY "schema_migrations"."version" ASC[0m
  [1m[36mActiveRecord::InternalMetadata Load (1.2ms)[0m  [1m[34mSELECT * FROM "ar_internal_metadata" WHERE "ar_internal_metadata"."key" = $1 ORDER BY "ar_internal_metadata"."key" ASC LIMIT 1[0m  [[nil, "environment"]]
Migrating to AddDeviseToProfessors (20260930093000)
  [1m[36mTRANSACTION (0.3ms)[0m  [1m[35mBEGIN[0m
  [1m[35m (1.2ms)[0m  [1m[35mALTER TABLE "professors" ADD "encrypted_password" character varying DEFAULT '' NOT NULL[0m
  [1m[35m (0.3ms)[0m  [1m[35mALTER TABLE "professors" ADD "reset_password_token" character varying[0m
  [1m[35m (0.3ms)[0m  [1m[35mALTER TABLE "professors" ADD "reset_password_sent_at" timestamp(6)[0m
  [1m[35m (0.4ms)[0m  [1m[35mALTER TABLE "professors" ADD "remember_created_at" timestamp(6)[0m
  [1m[35m (5.9ms)[0m  [1m[35mCREATE UNIQUE INDEX "index_professors_on_reset_password_token" ON "professors" ("reset_password_token")[0m
  [1m[36mActiveRecord::SchemaMigration Create (0.4ms)[0m  [1m[32mINSERT INTO "schema_migrations" ("version") VALUES ('20260930093000') RETURNING "version"[0m
  [1m[36mTRANSACTION (1.6ms)[0m  [1m[35mCOMMIT[0m
  [1m[35m (0.3ms)[0m  [1m[34mSELECT pg_advisory_unlock(4078924859564161740)[0m
  [1m[36mActiveRecord::SchemaMigration Load (0.4ms)[0m  [1m[34mSELECT "schema_migrations"."version" FROM "schema_migrations" ORDER BY "schema_migrations"."version" ASC[0m
  [1m[36mActiveRecord::SchemaMigration Load (0.9ms)[0m  [1m[34mSELECT "schema_migrations"."version" FROM "schema_migrations" ORDER BY "schema_migrations"."version" ASC[0m
  [1m[36mAdmin Load (1.0ms)[0m  [1m[34mSELECT "admins".* FROM "admins" WHERE "admins"."email" = $1 LIMIT $2[0m  [["email", "admin@unilavras.edu.br"], ["LIMIT", 1]]
  [1m[36mTRANSACTION (0.5ms)[0m  [1m[35mBEGIN[0m
  [1m[36mAdmin Update (4.6ms)[0m  [1m[33mUPDATE "admins" SET "encrypted_password" = $1, "updated_at" = $2 WHERE "admins"."id" = $3[0m  [["encrypted_password", "[FILTERED]"], ["updated_at", "2026-09-30 09:52:13.536548"], ["id", 1]]
  [1m[36mTRANSACTION (2.2ms)[0m  [1m[35mCOMMIT[0m
  [1m[36mEstagiario Load (0.7ms)[0m  [1m[34mSELECT "estagiarios".* FROM "estagiarios" WHERE "estagiarios"."email" = $1 LIMIT $2[0m  [["email", "estagiario@unilavras.edu.br"], ["LIMIT", 1]]
  [1m[36mTRANSACTION (0.5ms)[0m  [1m[35mBEGIN[0m
  [1m[36mEstagiario Update (0.5ms)[0m  [1m[33mUPDATE "estagiarios" SET "encrypted_password" = $1, "updated_at" = $2 WHERE "estagiarios"."id" = $3[0m  [["encrypted_password", "[FILTERED]"], ["updated_at", "2026-09-30 09:52:13.795774"], ["id", 1]]
  [1m[36mTRANSACTION (1.3ms)[0m  [1m[35mCOMMIT[0m
  [1m[36mProfessor Load (1.4ms)[0m  [1m[34mSELECT "professors".* FROM "professors" WHERE "professors"."email" = $1 LIMIT $2[0m  [["email", "helena.martins@unilavras.edu.br"], ["LIMIT", 1]]
  [1m[36mTRANSACTION (0.5ms)[0m  [1m[35mBEGIN[0m
  [1m[36mProfessor Update (0.8ms)[0m  [1m[33mUPDATE "professors" SET "updated_at" = $1, "encrypted_password" = $2 WHERE "professors"."id" = $3[0m  [["updated_at", "2026-09-30 09:52:14.109661"], ["encrypted_password", "[FILTERED]"], ["id", 1]]
  [1m[36mTRANSACTION (8.1ms)[0m  [1m[35mCOMMIT[0m
  [1m[36mProfessor Load (1.2ms)[0m  [1m[34mSELECT "professors".* FROM "professors" WHERE "professors"."email" = $1 LIMIT $2[0m  [["email", "rafael.andrade@unilavras.edu.br"], ["LIMIT", 1]]
  [1m[36mTRANSACTION (0.5ms)[0m  [1m[35mBEGIN[0m
  [1m[36mProfessor Update (2.1ms)[0m  [1m[33mUPDATE "professors" SET "updated_at" = $1, "encrypted_password" = $2 WHERE "professors"."id" = $3[0m  [["updated_at", "2026-09-30 09:52:14.345687"], ["encrypted_password", "[FILTERED]"], ["id", 2]]
  [1m[36mTRANSACTION (1.3ms)[0m  [1m[35mCOMMIT[0m
  [1m[36mProfessor Load (0.4ms)[0m  [1m[34mSELECT "professors".* FROM "professors" WHERE "professors"."email" = $1 LIMIT $2[0m  [["email", "camila.rocha@unilavras.edu.br"], ["LIMIT", 1]]
  [1m[36mTRANSACTION (0.5ms)[0m  [1m[35mBEGIN[0m
  [1m[36mProfessor Update (2.0ms)[0m  [1m[33mUPDATE "professors" SET "updated_at" = $1, "encrypted_password" = $2 WHERE "professors"."id" = $3[0m  [["updated_at", "2026-09-30 09:52:14.534364"], ["encrypted_password", "[FILTERED]"], ["id", 3]]
  [1m[36mTRANSACTION (3.5ms)[0m  [1m[35mCOMMIT[0m
Started GET "/" for 172.19.0.1 at 2026-09-30 09:52:22 +0000
Cannot render console from 172.19.0.1! Allowed networks: 127.0.0.0/127.255.255.255, ::1
  [1m[36mActiveRecord::SchemaMigration Load (0.6ms)[0m  [1m[34mSELECT "schema_migrations"."version" FROM "schema_migrations" ORDER BY "schema_migrations"."version" ASC[0m
Processing by HomeController#index as */*
  Rendering layout layouts/application.html.erb
  Rendering home/index.html.erb within layouts/application
  Rendered home/index.html.erb within layouts/application (Duration: 1.3ms | Allocations: 395)
  Rendered layout layouts/application.html.erb (Duration: 19.1ms | Allocations: 3902)
Completed 200 OK in 24ms (Views: 21.9ms | ActiveRecord: 0.0ms | Allocations: 5193)


Started GET "/" for 172.19.0.1 at 2026-09-30 09:54:35 +0000
Cannot render console from 172.19.0.1! Allowed networks: 127.0.0.0/127.255.255.255, ::1
Processing by HomeController#index as HTML
  [1m[36mEstagiario Load (0.4ms)[0m  [1m[34mSELECT "estagiarios".* FROM "estagiarios" WHERE "estagiarios"."id" = $1 ORDER BY "estagiarios"."id" ASC LIMIT $2[0m  [["id", 1], ["LIMIT", 1]]
  ↳ app/controllers/application_controller.rb:13:in `current_actor'
  Rendering layout layouts/application.html.erb
  Rendering home/index.html.erb within layouts/application
  Rendered home/index.html.erb within layouts/application (Duration: 0.8ms | Allocations: 107)
  Rendered layout layouts/application.html.erb (Duration: 5.4ms | Allocations: 1712)
Completed 200 OK in 37ms (Views: 6.2ms | ActiveRecord: 5.4ms | Allocations: 10570)


